// Jest Snapshot v1, https://goo.gl/fbAQLP

exports[`__interactive 1`] = `
<DocumentFragment>
  <div
    class="progressStep"
  >
    <div
      class="progressContainer"
    >
      <div
        class="line"
        style="--line-width: 0%;"
      />
      <div
        class="progress active"
      >
        1
      </div>
      <div
        class="progress"
      >
        2
      </div>
      <div
        class="progress"
      >
        3
      </div>
      <div
        class="progress"
      >
        4
      </div>
      <div
        class="progress"
      >
        5
      </div>
    </div>
    <div
      class="buttons"
    >
      <button
        disabled=""
        type="button"
      >
        Prev
      </button>
      <button
        type="button"
      >
        Next
      </button>
    </div>
  </div>
</DocumentFragment>
`;
